  Determining projects to restore...
  All projects are up-to-date for restore.
C:\Program Files\dotnet\sdk\10.0.201\Microsoft.Common.CurrentVersion.targets(5395,5): warning MSB3026: Could not copy "C:\Users\Dipali\OneDrive\Desktop\BMS\obj\Debug\net10.0\apphost.exe" to "bin\Debug\net10.0\BlogManagementSystem.exe". Beginning retry 1 in 1000ms. The process cannot access the file 'C:\Users\Dipali\OneDrive\Desktop\BMS\bin\Debug\net10.0\BlogManagementSystem.exe' because it is being used by another process. The file is locked by: "BlogManagementSystem (664)" [C:\Users\Dipali\OneDrive\Desktop\BMS\BlogManagementSystem.csproj]
C:\Program Files\dotnet\sdk\10.0.201\Microsoft.Common.CurrentVersion.targets(5395,5): warning MSB3026: Could not copy "C:\Users\Dipali\OneDrive\Desktop\BMS\obj\Debug\net10.0\apphost.exe" to "bin\Debug\net10.0\BlogManagementSystem.exe". Beginning retry 2 in 1000ms. The process cannot access the file 'C:\Users\Dipali\OneDrive\Desktop\BMS\bin\Debug\net10.0\BlogManagementSystem.exe' because it is being used by another process. The file is locked by: "BlogManagementSystem (664)" [C:\Users\Dipali\OneDrive\Desktop\BMS\BlogManagementSystem.csproj]
C:\Program Files\dotnet\sdk\10.0.201\Microsoft.Common.CurrentVersion.targets(5395,5): warning MSB3026: Could not copy "C:\Users\Dipali\OneDrive\Desktop\BMS\obj\Debug\net10.0\apphost.exe" to "bin\Debug\net10.0\BlogManagementSystem.exe". Beginning retry 3 in 1000ms. The process cannot access the file 'C:\Users\Dipali\OneDrive\Desktop\BMS\bin\Debug\net10.0\BlogManagementSystem.exe' because it is being used by another process. The file is locked by: "BlogManagementSystem (664)" [C:\Users\Dipali\OneDrive\Desktop\BMS\BlogManagementSystem.csproj]
C:\Program Files\dotnet\sdk\10.0.201\Microsoft.Common.CurrentVersion.targets(5395,5): warning MSB3026: Could not copy "C:\Users\Dipali\OneDrive\Desktop\BMS\obj\Debug\net10.0\apphost.exe" to "bin\Debug\net10.0\BlogManagementSystem.exe". Beginning retry 4 in 1000ms. The process cannot access the file 'C:\Users\Dipali\OneDrive\Desktop\BMS\bin\Debug\net10.0\BlogManagementSystem.exe' because it is being used by another process. The file is locked by: "BlogManagementSystem (664)" [C:\Users\Dipali\OneDrive\Desktop\BMS\BlogManagementSystem.csproj]
C:\Program Files\dotnet\sdk\10.0.201\Microsoft.Common.CurrentVersion.targets(5395,5): warning MSB3026: Could not copy "C:\Users\Dipali\OneDrive\Desktop\BMS\obj\Debug\net10.0\apphost.exe" to "bin\Debug\net10.0\BlogManagementSystem.exe". Beginning retry 5 in 1000ms. The process cannot access the file 'C:\Users\Dipali\OneDrive\Desktop\BMS\bin\Debug\net10.0\BlogManagementSystem.exe' because it is being used by another process. The file is locked by: "BlogManagementSystem (664)" [C:\Users\Dipali\OneDrive\Desktop\BMS\BlogManagementSystem.csproj]
C:\Program Files\dotnet\sdk\10.0.201\Microsoft.Common.CurrentVersion.targets(5395,5): warning MSB3026: Could not copy "C:\Users\Dipali\OneDrive\Desktop\BMS\obj\Debug\net10.0\apphost.exe" to "bin\Debug\net10.0\BlogManagementSystem.exe". Beginning retry 6 in 1000ms. The process cannot access the file 'C:\Users\Dipali\OneDrive\Desktop\BMS\bin\Debug\net10.0\BlogManagementSystem.exe' because it is being used by another process. The file is locked by: "BlogManagementSystem (664)" [C:\Users\Dipali\OneDrive\Desktop\BMS\BlogManagementSystem.csproj]
C:\Program Files\dotnet\sdk\10.0.201\Microsoft.Common.CurrentVersion.targets(5395,5): warning MSB3026: Could not copy "C:\Users\Dipali\OneDrive\Desktop\BMS\obj\Debug\net10.0\apphost.exe" to "bin\Debug\net10.0\BlogManagementSystem.exe". Beginning retry 7 in 1000ms. The process cannot access the file 'C:\Users\Dipali\OneDrive\Desktop\BMS\bin\Debug\net10.0\BlogManagementSystem.exe' because it is being used by another process. The file is locked by: "BlogManagementSystem (664)" [C:\Users\Dipali\OneDrive\Desktop\BMS\BlogManagementSystem.csproj]
C:\Program Files\dotnet\sdk\10.0.201\Microsoft.Common.CurrentVersion.targets(5395,5): warning MSB3026: Could not copy "C:\Users\Dipali\OneDrive\Desktop\BMS\obj\Debug\net10.0\apphost.exe" to "bin\Debug\net10.0\BlogManagementSystem.exe". Beginning retry 8 in 1000ms. The process cannot access the file 'C:\Users\Dipali\OneDrive\Desktop\BMS\bin\Debug\net10.0\BlogManagementSystem.exe' because it is being used by another process. The file is locked by: "BlogManagementSystem (664)" [C:\Users\Dipali\OneDrive\Desktop\BMS\BlogManagementSystem.csproj]
C:\Program Files\dotnet\sdk\10.0.201\Microsoft.Common.CurrentVersion.targets(5395,5): warning MSB3026: Could not copy "C:\Users\Dipali\OneDrive\Desktop\BMS\obj\Debug\net10.0\apphost.exe" to "bin\Debug\net10.0\BlogManagementSystem.exe". Beginning retry 9 in 1000ms. The process cannot access the file 'C:\Users\Dipali\OneDrive\Desktop\BMS\bin\Debug\net10.0\BlogManagementSystem.exe' because it is being used by another process. The file is locked by: "BlogManagementSystem (664)" [C:\Users\Dipali\OneDrive\Desktop\BMS\BlogManagementSystem.csproj]
C:\Program Files\dotnet\sdk\10.0.201\Microsoft.Common.CurrentVersion.targets(5395,5): warning MSB3026: Could not copy "C:\Users\Dipali\OneDrive\Desktop\BMS\obj\Debug\net10.0\apphost.exe" to "bin\Debug\net10.0\BlogManagementSystem.exe". Beginning retry 10 in 1000ms. The process cannot access the file 'C:\Users\Dipali\OneDrive\Desktop\BMS\bin\Debug\net10.0\BlogManagementSystem.exe' because it is being used by another process. The file is locked by: "BlogManagementSystem (664)" [C:\Users\Dipali\OneDrive\Desktop\BMS\BlogManagementSystem.csproj]
C:\Program Files\dotnet\sdk\10.0.201\Microsoft.Common.CurrentVersion.targets(5395,5): error MSB3027: Could not copy "C:\Users\Dipali\OneDrive\Desktop\BMS\obj\Debug\net10.0\apphost.exe" to "bin\Debug\net10.0\BlogManagementSystem.exe". Exceeded retry count of 10. Failed. The file is locked by: "BlogManagementSystem (664)" [C:\Users\Dipali\OneDrive\Desktop\BMS\BlogManagementSystem.csproj]
C:\Program Files\dotnet\sdk\10.0.201\Microsoft.Common.CurrentVersion.targets(5395,5): error MSB3021: Unable to copy file "C:\Users\Dipali\OneDrive\Desktop\BMS\obj\Debug\net10.0\apphost.exe" to "bin\Debug\net10.0\BlogManagementSystem.exe". The process cannot access the file 'C:\Users\Dipali\OneDrive\Desktop\BMS\bin\Debug\net10.0\BlogManagementSystem.exe' because it is being used by another process. [C:\Users\Dipali\OneDrive\Desktop\BMS\BlogManagementSystem.csproj]

Build FAILED.

C:\Program Files\dotnet\sdk\10.0.201\Microsoft.Common.CurrentVersion.targets(5395,5): warning MSB3026: Could not copy "C:\Users\Dipali\OneDrive\Desktop\BMS\obj\Debug\net10.0\apphost.exe" to "bin\Debug\net10.0\BlogManagementSystem.exe". Beginning retry 1 in 1000ms. The process cannot access the file 'C:\Users\Dipali\OneDrive\Desktop\BMS\bin\Debug\net10.0\BlogManagementSystem.exe' because it is being used by another process. The file is locked by: "BlogManagementSystem (664)" [C:\Users\Dipali\OneDrive\Desktop\BMS\BlogManagementSystem.csproj]
C:\Program Files\dotnet\sdk\10.0.201\Microsoft.Common.CurrentVersion.targets(5395,5): warning MSB3026: Could not copy "C:\Users\Dipali\OneDrive\Desktop\BMS\obj\Debug\net10.0\apphost.exe" to "bin\Debug\net10.0\BlogManagementSystem.exe". Beginning retry 2 in 1000ms. The process cannot access the file 'C:\Users\Dipali\OneDrive\Desktop\BMS\bin\Debug\net10.0\BlogManagementSystem.exe' because it is being used by another process. The file is locked by: "BlogManagementSystem (664)" [C:\Users\Dipali\OneDrive\Desktop\BMS\BlogManagementSystem.csproj]
C:\Program Files\dotnet\sdk\10.0.201\Microsoft.Common.CurrentVersion.targets(5395,5): warning MSB3026: Could not copy "C:\Users\Dipali\OneDrive\Desktop\BMS\obj\Debug\net10.0\apphost.exe" to "bin\Debug\net10.0\BlogManagementSystem.exe". Beginning retry 3 in 1000ms. The process cannot access the file 'C:\Users\Dipali\OneDrive\Desktop\BMS\bin\Debug\net10.0\BlogManagementSystem.exe' because it is being used by another process. The file is locked by: "BlogManagementSystem (664)" [C:\Users\Dipali\OneDrive\Desktop\BMS\BlogManagementSystem.csproj]
C:\Program Files\dotnet\sdk\10.0.201\Microsoft.Common.CurrentVersion.targets(5395,5): warning MSB3026: Could not copy "C:\Users\Dipali\OneDrive\Desktop\BMS\obj\Debug\net10.0\apphost.exe" to "bin\Debug\net10.0\BlogManagementSystem.exe". Beginning retry 4 in 1000ms. The process cannot access the file 'C:\Users\Dipali\OneDrive\Desktop\BMS\bin\Debug\net10.0\BlogManagementSystem.exe' because it is being used by another process. The file is locked by: "BlogManagementSystem (664)" [C:\Users\Dipali\OneDrive\Desktop\BMS\BlogManagementSystem.csproj]
C:\Program Files\dotnet\sdk\10.0.201\Microsoft.Common.CurrentVersion.targets(5395,5): warning MSB3026: Could not copy "C:\Users\Dipali\OneDrive\Desktop\BMS\obj\Debug\net10.0\apphost.exe" to "bin\Debug\net10.0\BlogManagementSystem.exe". Beginning retry 5 in 1000ms. The process cannot access the file 'C:\Users\Dipali\OneDrive\Desktop\BMS\bin\Debug\net10.0\BlogManagementSystem.exe' because it is being used by another process. The file is locked by: "BlogManagementSystem (664)" [C:\Users\Dipali\OneDrive\Desktop\BMS\BlogManagementSystem.csproj]
C:\Program Files\dotnet\sdk\10.0.201\Microsoft.Common.CurrentVersion.targets(5395,5): warning MSB3026: Could not copy "C:\Users\Dipali\OneDrive\Desktop\BMS\obj\Debug\net10.0\apphost.exe" to "bin\Debug\net10.0\BlogManagementSystem.exe". Beginning retry 6 in 1000ms. The process cannot access the file 'C:\Users\Dipali\OneDrive\Desktop\BMS\bin\Debug\net10.0\BlogManagementSystem.exe' because it is being used by another process. The file is locked by: "BlogManagementSystem (664)" [C:\Users\Dipali\OneDrive\Desktop\BMS\BlogManagementSystem.csproj]
C:\Program Files\dotnet\sdk\10.0.201\Microsoft.Common.CurrentVersion.targets(5395,5): warning MSB3026: Could not copy "C:\Users\Dipali\OneDrive\Desktop\BMS\obj\Debug\net10.0\apphost.exe" to "bin\Debug\net10.0\BlogManagementSystem.exe". Beginning retry 7 in 1000ms. The process cannot access the file 'C:\Users\Dipali\OneDrive\Desktop\BMS\bin\Debug\net10.0\BlogManagementSystem.exe' because it is being used by another process. The file is locked by: "BlogManagementSystem (664)" [C:\Users\Dipali\OneDrive\Desktop\BMS\BlogManagementSystem.csproj]
C:\Program Files\dotnet\sdk\10.0.201\Microsoft.Common.CurrentVersion.targets(5395,5): warning MSB3026: Could not copy "C:\Users\Dipali\OneDrive\Desktop\BMS\obj\Debug\net10.0\apphost.exe" to "bin\Debug\net10.0\BlogManagementSystem.exe". Beginning retry 8 in 1000ms. The process cannot access the file 'C:\Users\Dipali\OneDrive\Desktop\BMS\bin\Debug\net10.0\BlogManagementSystem.exe' because it is being used by another process. The file is locked by: "BlogManagementSystem (664)" [C:\Users\Dipali\OneDrive\Desktop\BMS\BlogManagementSystem.csproj]
C:\Program Files\dotnet\sdk\10.0.201\Microsoft.Common.CurrentVersion.targets(5395,5): warning MSB3026: Could not copy "C:\Users\Dipali\OneDrive\Desktop\BMS\obj\Debug\net10.0\apphost.exe" to "bin\Debug\net10.0\BlogManagementSystem.exe". Beginning retry 9 in 1000ms. The process cannot access the file 'C:\Users\Dipali\OneDrive\Desktop\BMS\bin\Debug\net10.0\BlogManagementSystem.exe' because it is being used by another process. The file is locked by: "BlogManagementSystem (664)" [C:\Users\Dipali\OneDrive\Desktop\BMS\BlogManagementSystem.csproj]
C:\Program Files\dotnet\sdk\10.0.201\Microsoft.Common.CurrentVersion.targets(5395,5): warning MSB3026: Could not copy "C:\Users\Dipali\OneDrive\Desktop\BMS\obj\Debug\net10.0\apphost.exe" to "bin\Debug\net10.0\BlogManagementSystem.exe". Beginning retry 10 in 1000ms. The process cannot access the file 'C:\Users\Dipali\OneDrive\Desktop\BMS\bin\Debug\net10.0\BlogManagementSystem.exe' because it is being used by another process. The file is locked by: "BlogManagementSystem (664)" [C:\Users\Dipali\OneDrive\Desktop\BMS\BlogManagementSystem.csproj]
C:\Program Files\dotnet\sdk\10.0.201\Microsoft.Common.CurrentVersion.targets(5395,5): error MSB3027: Could not copy "C:\Users\Dipali\OneDrive\Desktop\BMS\obj\Debug\net10.0\apphost.exe" to "bin\Debug\net10.0\BlogManagementSystem.exe". Exceeded retry count of 10. Failed. The file is locked by: "BlogManagementSystem (664)" [C:\Users\Dipali\OneDrive\Desktop\BMS\BlogManagementSystem.csproj]
C:\Program Files\dotnet\sdk\10.0.201\Microsoft.Common.CurrentVersion.targets(5395,5): error MSB3021: Unable to copy file "C:\Users\Dipali\OneDrive\Desktop\BMS\obj\Debug\net10.0\apphost.exe" to "bin\Debug\net10.0\BlogManagementSystem.exe". The process cannot access the file 'C:\Users\Dipali\OneDrive\Desktop\BMS\bin\Debug\net10.0\BlogManagementSystem.exe' because it is being used by another process. [C:\Users\Dipali\OneDrive\Desktop\BMS\BlogManagementSystem.csproj]
    10 Warning(s)
    2 Error(s)

Time Elapsed 00:00:16.44
